// Jest Snapshot v1, https://goo.gl/fbAQLP

exports[`BottomNavBar renders correctly 1`] = `
<ForwardRef(WithStyles)
  classes={
    Object {
      "root": "makeStyles-root-1",
    }
  }
  showLabels={true}
  value="/test"
>
  <ForwardRef(WithStyles)
    icon={<Memo(LocationCityIcon) />}
    label="Feed"
    to="/feed"
    value="/feed"
  />
  <ForwardRef(WithStyles)
    icon={<Memo(GridOnIcon) />}
    label="Grid"
    to="/grid"
    value="/grid"
  />
  <ForwardRef(WithStyles)
    icon={<Memo(PersonIcon) />}
    label="Profile"
    to="/profile"
    value="/profile"
  />
</ForwardRef(WithStyles)>
`;
